2026-09-20 14:45:29.056: [INFO] CurrentProfilePath: C:\Users\Personal\Desktop\HoraC-digo_Calculadora-main\.metadata\.plugins\org.eclipse.swt\EBWebView\Default
2026-09-20 14:45:29.056: [INFO] Profiles total count: 1
2026-09-20 14:45:29.056: [INFO] Profile: name=Perfil 1 path=C:\Users\Personal\Desktop\HoraC-digo_Calculadora-main\.metadata\.plugins\org.eclipse.swt\EBWebView\Default lastActive=null
2026-09-20 14:45:29.056: [INFO] LastUsedProfileDir: C:\Users\Personal\Desktop\HoraC-digo_Calculadora-main\.metadata\.plugins\org.eclipse.swt\EBWebView\Default
2026-09-20 14:45:29.056: [INFO] OnDoneLoading sync enabled: 0
2026-09-20 14:45:29.056: [INFO] BookmarkModelLoaded, ids_reassigned: 0
2026-09-20 14:45:29.056: [INFO] BookmarksLoadDropped droppedNodes=0
2026-09-20 14:45:29.056: [INFO] BookmarksSnapshot Startup total=0 bar=0 other=0 mobile=0 showBar=0 showBarNTP=1
2026-09-20 14:45:33.771: [INFO] BookmarksSnapshot Shutdown total=0 bar=0 other=0 mobile=0 showBar=0 showBarNTP=1
2026-09-20 14:45:41.970: [INFO] CurrentProfilePath: C:\Users\Personal\Desktop\HoraC-digo_Calculadora-main\.metadata\.plugins\org.eclipse.swt\EBWebView\Default
2026-09-20 14:45:41.970: [INFO] Profiles total count: 1
2026-09-20 14:45:41.971: [INFO] Profile: name=Perfil 1 path=C:\Users\Personal\Desktop\HoraC-digo_Calculadora-main\.metadata\.plugins\org.eclipse.swt\EBWebView\Default lastActive=2026-09-20T14:45:30.054Z
2026-09-20 14:45:41.971: [INFO] LastUsedProfileDir: C:\Users\Personal\Desktop\HoraC-digo_Calculadora-main\.metadata\.plugins\org.eclipse.swt\EBWebView\Default
2026-09-20 14:45:41.971: [INFO] MostRecentlyActiveProfile: name=Perfil 1 path=C:\Users\Personal\Desktop\HoraC-digo_Calculadora-main\.metadata\.plugins\org.eclipse.swt\EBWebView\Default lastActive=2026-09-20T14:45:30.054Z
2026-09-20 14:45:41.972: [INFO] OnDoneLoading sync enabled: 0
2026-09-20 14:45:41.972: [INFO] BookmarkModelLoaded, ids_reassigned: 0
2026-09-20 14:45:41.972: [INFO] BookmarksLoadDropped droppedNodes=0
2026-09-20 14:45:41.972: [INFO] BookmarksSnapshot Startup total=0 bar=0 other=0 mobile=0 showBar=0 showBarNTP=1
2026-09-20 14:45:47.931: [INFO] BookmarksSnapshot Shutdown total=0 bar=0 other=0 mobile=0 showBar=0 showBarNTP=1
2026-09-20 14:49:06.032: [INFO] CurrentProfilePath: C:\Users\Personal\Desktop\HoraC-digo_Calculadora-main\.metadata\.plugins\org.eclipse.swt\EBWebView\Default
2026-09-20 14:49:06.032: [INFO] Profiles total count: 1
2026-09-20 14:49:06.034: [INFO] Profile: name=Perfil 1 path=C:\Users\Personal\Desktop\HoraC-digo_Calculadora-main\.metadata\.plugins\org.eclipse.swt\EBWebView\Default lastActive=2026-09-20T14:45:30.054Z
2026-09-20 14:49:06.034: [INFO] LastUsedProfileDir: C:\Users\Personal\Desktop\HoraC-digo_Calculadora-main\.metadata\.plugins\org.eclipse.swt\EBWebView\Default
2026-09-20 14:49:06.034: [INFO] MostRecentlyActiveProfile: name=Perfil 1 path=C:\Users\Personal\Desktop\HoraC-digo_Calculadora-main\.metadata\.plugins\org.eclipse.swt\EBWebView\Default lastActive=2026-09-20T14:45:30.054Z
2026-09-20 14:49:06.034: [INFO] OnDoneLoading sync enabled: 0
2026-09-20 14:49:06.034: [INFO] BookmarkModelLoaded, ids_reassigned: 0
2026-09-20 14:49:06.034: [INFO] BookmarksLoadDropped droppedNodes=0
2026-09-20 14:49:06.034: [INFO] BookmarksSnapshot Startup total=0 bar=0 other=0 mobile=0 showBar=0 showBarNTP=1
2026-09-20 14:53:44.566: [INFO] BookmarksSnapshot Shutdown total=0 bar=0 other=0 mobile=0 showBar=0 showBarNTP=1
